--------------------------------------------------------------------------------
Release 14.7 Trace  (nt64)
Copyright (c) 1995-2013 Xilinx, Inc.  All rights reserved.

C:\Xilinx\14.7\ISE_DS\ISE\bin\nt64\unwrapped\trce.exe -intstyle ise -v 3 -s 4
-n 3 -fastpaths -xml reg.twx reg.ncd -o reg.twr reg.pcf

Design file:              reg.ncd
Physical constraint file: reg.pcf
Device,package,speed:     xc3s1500,fg456,-4 (PRODUCTION 1.39 2013-10-13)
Report level:             verbose report

Environment Variable      Effect 
--------------------      ------ 
NONE                      No environment variables were set
--------------------------------------------------------------------------------

INFO:Timing:2698 - No timing constraints found, doing default enumeration.
INFO:Timing:3412 - To improve timing, see the Timing Closure User Guide (UG612).
INFO:Timing:2752 - To get complete path coverage, use the unconstrained paths 
   option. All paths that are not constrained will be reported in the 
   unconstrained paths section(s) of the report.
INFO:Timing:3339 - The clock-to-out numbers in this timing report are based on 
   a 50 Ohm transmission line loading model.  For the details of this model, 
   and for more information on accounting for different loading conditions, 
   please see the device datasheet.
INFO:Timing:3390 - This architecture does not support a default System Jitter 
   value, please add SYSTEM_JITTER constraint to the UCF to modify the Clock 
   Uncertainty calculation.
INFO:Timing:3389 - This architecture does not support 'Discrete Jitter' and 
   'Phase Error' calculations, these terms will be zero in the Clock 
   Uncertainty calculation.  Please make appropriate modification to 
   SYSTEM_JITTER to account for the unsupported Discrete Jitter and Phase 
   Error.



Data Sheet report:
-----------------
All values displayed in nanoseconds (ns)

Setup/Hold to clock clk
------------+------------+------------+------------------+--------+
            |Max Setup to|Max Hold to |                  | Clock  |
Source      | clk (edge) | clk (edge) |Internal Clock(s) | Phase  |
------------+------------+------------+------------------+--------+
en          |    2.089(R)|    1.303(R)|clk_BUFGP         |   0.000|
input<0>    |    0.091(R)|    1.286(R)|clk_BUFGP         |   0.000|
input<1>    |    0.068(R)|    1.312(R)|clk_BUFGP         |   0.000|
input<2>    |    0.054(R)|    1.330(R)|clk_BUFGP         |   0.000|
input<3>    |    0.046(R)|    1.334(R)|clk_BUFGP         |   0.000|
input<4>    |    4.332(R)|   -1.816(R)|clk_BUFGP         |   0.000|
input<5>    |    4.351(R)|   -1.838(R)|clk_BUFGP         |   0.000|
input<6>    |    4.376(R)|   -1.868(R)|clk_BUFGP         |   0.000|
input<7>    |    4.339(R)|   -1.825(R)|clk_BUFGP         |   0.000|
------------+------------+------------+------------------+--------+

Clock clk to Pad
------------+------------+------------------+--------+
            | clk (edge) |                  | Clock  |
Destination |   to PAD   |Internal Clock(s) | Phase  |
------------+------------+------------------+--------+
output<0>   |    7.361(R)|clk_BUFGP         |   0.000|
output<1>   |    7.387(R)|clk_BUFGP         |   0.000|
output<2>   |    7.405(R)|clk_BUFGP         |   0.000|
output<3>   |    7.398(R)|clk_BUFGP         |   0.000|
output<4>   |    9.020(R)|clk_BUFGP         |   0.000|
output<5>   |    8.669(R)|clk_BUFGP         |   0.000|
output<6>   |    8.639(R)|clk_BUFGP         |   0.000|
output<7>   |    8.682(R)|clk_BUFGP         |   0.000|
------------+------------+------------------+--------+


Analysis completed Mon Apr 30 19:38:07 2018 
--------------------------------------------------------------------------------

Trace Settings:
-------------------------
Trace Settings 

Peak Memory Usage: 166 MB



