AR reg3 behavioral D:/fucker/led_mover/reg3.vhd sub00/vhpl11 1525096771
AR clkdivider behavioral D:/VHDL-practice-master/VHDL-practice-master/led_mover/clkdivider.vhd sub00/vhpl13 1525411996
AR reg behavioral D:/VHDL-practice-master/VHDL-practice-master/led_mover/reg.vhd sub00/vhpl03 1525411998
AR reg1 behavioral D:/fucker/led_mover/reg1.vhd sub00/vhpl07 1525096767
EN dff NULL D:/VHDL-practice-master/VHDL-practice-master/led_mover/dff.vhd sub00/vhpl00 1525411993
EN clkdivider NULL D:/VHDL-practice-master/VHDL-practice-master/led_mover/clkdivider.vhd sub00/vhpl12 1525411995
EN led_mover NULL D:/VHDL-practice-master/VHDL-practice-master/led_mover/led_mover.vhd sub00/vhpl04 1525411999
AR reg2 behavioral D:/fucker/led_mover/reg2.vhd sub00/vhpl09 1525096769
AR dff behavioral D:/VHDL-practice-master/VHDL-practice-master/led_mover/dff.vhd sub00/vhpl01 1525411994
AR led_mover behavioral D:/VHDL-practice-master/VHDL-practice-master/led_mover/led_mover.vhd sub00/vhpl05 1525412000
EN reg1 NULL D:/fucker/led_mover/reg1.vhd sub00/vhpl06 1525096766
EN reg2 NULL D:/fucker/led_mover/reg2.vhd sub00/vhpl08 1525096768
EN reg3 NULL D:/fucker/led_mover/reg3.vhd sub00/vhpl10 1525096770
EN reg NULL D:/VHDL-practice-master/VHDL-practice-master/led_mover/reg.vhd sub00/vhpl02 1525411997
